#-----------------------------------------------------------
# Vivado v2019.2 (64-bit)
# SW Build 2708876 on Wed Nov  6 21:40:23 MST 2019
# IP Build 2700528 on Thu Nov  7 00:09:20 MST 2019
# Start of session at: Sun Aug  2 15:08:55 2020
# Process ID: 10520
# Current directory: C:/Users/kxdn/Desktop/DA_ZYNQ-master
# Command line: vivado.exe -gui_launcher_event rodinguilauncherevent8196 C:\Users\kxdn\Desktop\DA_ZYNQ-master\dds_1.xpr
# Log file: C:/Users/kxdn/Desktop/DA_ZYNQ-master/vivado.log
# Journal file: C:/Users/kxdn/Desktop/DA_ZYNQ-master\vivado.jou
#-----------------------------------------------------------
start_guioopen_project C:/Users/kxdn/Desktop/DA_ZYNQ-master/dds_1.xpruupdate_compile_order -fileset sources_1
set_property flow {Vivado Synthesis 2019} [get_runs synth_1]
create_run synth_2 -flow {Vivado Synthesis 2019} -strategy {Vivado Synthesis Defaults} -report_strategy {Vivado Synthesis Default Reports}
current_run [get_runs synth_2]
set_property part xc7s15ftgb196-1 [current_project]
